[www.hellomagazine.com/celebrities/862793/anne-hathaway-and-husband-adam-shulman-rare-pda-on-date/index.html]
[backblue.gif]
[fade.gif]
[index.html]
[securepubads.g.doubleclick.net/tag/js/f.txt]
[www.hellomagazine.com/apple-touch-icon-57x57.png]
[www.hellomagazine.com/apple-touch-icon-60x60.png]
[www.hellomagazine.com/apple-touch-icon-72x72.png]
[www.hellomagazine.com/apple-touch-icon-76x76.png]
[www.hellomagazine.com/apple-touch-icon-114x114.png]
[www.hellomagazine.com/celebrities/862793/anne-hathaway-and-husband-adam-shulman-rare-pda-on-date/index87b7.html]
[www.hellomagazine.com/apple-touch-icon-120x120.png]
[www.hellomagazine.com/apple-touch-icon-144x144.png]
[www.hellomagazine.com/apple-touch-icon-152x152.png]
[www.hellomagazine.com/apple-touch-icon-180x180.png]
[www.hellomagazine.com/favicon-192x192.png]
[www.hellomagazine.com/favicon-32x32.png]
[www.hellomagazine.com/favicon-16x16.png]
[www.hellomagazine.com/_next/static/css/6a06ead7a4ebddaa5e12.css]
[www.hellomagazine.com/_next/static/css/25c8741b9a4e16595e12.css]
[www.hellomagazine.com/_next/static/chunks/polyfills-42372ed130431b0a5e12.js]
[applets.ebxcdn.com/ebx.js]
[www.hellomagazine.com/_next/static/chunks/9688.da809956dcb33de55e12.js]
[www.hellomagazine.com/_next/static/chunks/3345.335516c2a005971b5e12.js]
[www.hellomagazine.com/_next/static/chunks/632.e34417e257ca7fdc5e12.js]
[www.hellomagazine.com/_next/static/chunks/6475.1612948aedc126af5e12.js]
[www.hellomagazine.com/_next/static/chunks/2091.119eec6dc9a095a65e12.js]
[www.hellomagazine.com/_next/static/chunks/3970.2038504c3e2b48d75e12.js]
[www.hellomagazine.com/_next/static/chunks/6654.a289b9568f77e4265e12.js]
[www.hellomagazine.com/_next/static/chunks/1966.19642f6ccdafadaa5e12.js]
[www.hellomagazine.com/_next/static/chunks/2437.752363fd17ba6fff5e12.js]
[www.hellomagazine.com/_next/static/chunks/7029.f11f988440d9b2f35e12.js]
[www.hellomagazine.com/_next/static/chunks/2009.188175092f24016e5e12.js]
[www.hellomagazine.com/_next/static/chunks/webpack-f86151f1daa2b0075e12.js]
[www.hellomagazine.com/_next/static/chunks/framework-87f4787c369d4fa95e12.js]
[www.hellomagazine.com/_next/static/chunks/main-b63e74bcbd186deb5e12.js]
[www.hellomagazine.com/_next/static/chunks/pages/_app-f776320ceb409cc25e12.js]
[www.hellomagazine.com/_next/static/chunks/1609-4252f898d0831c6c5e12.js]
[www.hellomagazine.com/_next/static/chunks/4424-c8a64266b57472a25e12.js]
[www.hellomagazine.com/_next/static/chunks/3323-add356da17bf0e5c5e12.js]
[www.hellomagazine.com/_next/static/chunks/pages/article/[...path]-1869d2a3a63aa5245e12.js]
[www.hellomagazine.com/_next/static/JhjPrZrHyXMqrfgfvAqbO/_buildManifest5e12.js]
[www.hellomagazine.com/_next/static/JhjPrZrHyXMqrfgfvAqbO/_ssgManifest5e12.js]
[58v76y8z87lo.hellomagazine.com/horizon/landscape/5b98857da4c1-gettyimages-2242331437.jpg]
[58v76y8z87lo.hellomagazine.com/horizon/square/2a82bf3c7786-a7c43047-d8a8-4981-a6dc-5e6867fdacf8.jpg]
[58v76y8z87lo.hellomagazine.com/horizon/original_aspect_ratio/fa74f02e2157-shutterstockeditorial15547154o.jpg]
[58v76y8z87lo.hellomagazine.com/horizon/square/13ab10935c41-anne-hathaway-diamond-tbar-necklace.jpg]
[58v76y8z87lo.hellomagazine.com/horizon/original_aspect_ratio/ce12a28728eb-gettyimages-2242326742.jpg]
[58v76y8z87lo.hellomagazine.com/horizon/original_aspect_ratio/53a2b1136478-gettyimages-2242272079.jpg]
[58v76y8z87lo.hellomagazine.com/horizon/original_aspect_ratio/d9c5090afc47-gettyimages-2242271508.jpg]
[58v76y8z87lo.hellomagazine.com/horizon/original_aspect_ratio/4d2f340f313e-gettyimages-2242272803.jpg]
[58v76y8z87lo.hellomagazine.com/horizon/original_aspect_ratio/bb93db7f41b7-gettyimages-2242272744.jpg]
[58v76y8z87lo.hellomagazine.com/horizon/square/985dbf59ebdb-hollywood-celebs-and-non-celebs.jpg]
[58v76y8z87lo.hellomagazine.com/horizon/square/fc6889fcda61-gettyimages-1191979968.jpg]
[58v76y8z87lo.hellomagazine.com/horizon/square/f3e8b4b89e78-mika-amonsen-andrew-terraciano.jpg]
[58v76y8z87lo.hellomagazine.com/horizon/square/39a6472a3497-tissot-hollywood.jpg]
[58v76y8z87lo.hellomagazine.com/horizon/square/d4ddac577c8f-simone-biles-black-tiered-dress.jpg]
[58v76y8z87lo.hellomagazine.com/horizon/square/ed0f8288d378-gettyimages-2220143516.jpg]
[58v76y8z87lo.hellomagazine.com/horizon/square/4d158d370884-gettyimages-2131327212-1.jpg]
[58v76y8z87lo.hellomagazine.com/horizon/square/3f594ab91825-gettyimages-1447850070.jpg]
[www.hellomagazine.com/celebrities/862793/anne-hathaway-and-husband-adam-shulman-rare-pda-on-date/index.html]
[cdn.ampproject.org/v0.js]
[cdn.ampproject.org/v0/amp-ad-0.1.js]
[cdn.ampproject.org/v0/amp-analytics-0.1.js]
[cdn.ampproject.org/v0/amp-bind-0.1.js]
[cdn.ampproject.org/v0/amp-consent-0.1.js]
[cdn.ampproject.org/v0/amp-form-0.1.js]
[cdn.ampproject.org/v0/amp-geo-0.1.js]
[cdn.ampproject.org/v0/amp-iframe-0.1.js]
[cdn.ampproject.org/v0/amp-list-0.1.js]
[cdn.ampproject.org/v0/amp-mustache-0.2.js]
[cdn.ampproject.org/v0/amp-position-observer-0.1.js]
[cdn.ampproject.org/v0/amp-recaptcha-input-0.1.js]
[cdn.ampproject.org/v0/amp-script-0.1.js]
[cdn.ampproject.org/v0/amp-sidebar-0.1.js]
[cdn.ampproject.org/v0/amp-skimlinks-0.1.js]
[cdn.ampproject.org/v0/amp-sticky-ad-1.0.js]
[cdn.permutive.app/ampsdk/1c46eda6-f29a-461b-b7fc-52d6e3dad45c-ampscript.49.delayed]
[58v76y8z87lo.hellomagazine.com/horizon/square/a080918fb307-464978889184765610590632588221565948912401140n.jpg]
[58v76y8z87lo.hellomagazine.com/horizon/square/7b7fdeb650c4-gettyimages-2220308878.jpg]
[58v76y8z87lo.hellomagazine.com/horizon/square/90a737666115-gettyimages-2239399670.jpg]
[58v76y8z87lo.hellomagazine.com/horizon/square/a13473d3d17f-susan-boyle.jpg]
[58v76y8z87lo.hellomagazine.com/horizon/square/09096625b47f-larry-bagby-tobias-jelinek-hocus-pocus-2000-bbaa8a3a01094f62b082f15cd4033ccb.jpg]
[58v76y8z87lo.hellomagazine.com/horizon/square/0d92c6ebc9b9-giuffre-andrew.jpg]
[58v76y8z87lo.hellomagazine.com/horizon/square/de2fb4a68823-blake-ryan-iewu-premiere.jpg]
[58v76y8z87lo.hellomagazine.com/horizon/square/82fa054138a3-gettyimages-2214150669.jpg]
[58v76y8z87lo.hellomagazine.com/horizon/square/6ad2a5bec4ea-gettyimages-2192880269.jpg]
[58v76y8z87lo.hellomagazine.com/horizon/square/98be5724810a-gettyimages-2167255029.jpg]
[58v76y8z87lo.hellomagazine.com/horizon/square/06d8149ff807-gettyimages-2240990278.jpg]
[www.hellomagazine.com/celebrities/862793/anne-hathaway-and-husband-adam-shulman-rare-pda-on-date/index87b7.html]
[58v76y8z87lo.hellomagazine.com/horizon/square/8ae7a62bf9be-gettyimages-845720420.jpg]
[www.hellomagazine.com/_next/static/css/6a06ead7a4ebddaa5e12.css]
[www.hellomagazine.com/_next/static/css/25c8741b9a4e16595e12.css]
[www.hellomagazine.com/_next/static/css/afe6d837ce3c2cbc5e12.css]
[cdn.permutive.app/ampsdk/1c46eda6-f29a-461b-b7fc-52d6e3dad45c-ampscript.html]
